// Jest Snapshot v1, https://goo.gl/fbAQLP

exports[`<CartList/> should render the cart list 1`] = `
.c1 {
  padding: 2.4rem;
  border-bottom: 0.1rem solid #EAEAEA;
}

.c2 {
  display: flex;
}

.c3 {
  flex-shrink: 0;
  margin-right: 0.8rem;
  width: 9.6rem;
  height: 5.6rem;
}

.c3 img {
  width: 100%;
  height: 100%;
  object-fit: cover;
}

.c4 {
  display: flex;
  flex-direction: column;
  align-items: flex-start;
}

.c5 {
  font-size: 1.4rem;
  line-height: 1.4rem;
  font-weight: 600;
  color: #030517;
  margin-bottom: 0.8rem;
}

.c6 {
  color: #FAFAFA;
  padding: 0.2rem 0.8rem;
  background-color: #3CD3C1;
  border-radius: 0.4rem;
  font-size: 1.4rem;
  font-weight: 600;
}

.c0 {
  background: #FAFAFA;
  display: flex;
  flex-direction: column;
  align-self: start;
}

.c7 {
  background: #eee;
  color: #030517;
  font-weight: 600;
  font-size: 1.4rem;
  padding: 2rem;
  display: flex;
  justify-content: space-between;
  align-items: center;
}

.c8 {
  color: #F231A5;
}

@media (min-width: 768px) {
  .c1 {
    display: flex;
  }
}

@media (min-width: 768px) {
  .c3 {
    margin-right: 0.8rem;
    width: 15rem;
    height: 7rem;
  }
}

@media (min-width: 768px) {
  .c5 {
    font-size: 2rem;
    line-height: 2rem;
  }
}

@media (min-width: 768px) {
  .c7 {
    font-size: 1.6rem;
    padding: 2.4rem;
  }
}

<main
  class="c0"
>
  <div
    class="c1"
  >
    <div
      class="c2"
    >
      <div
        class="c3"
      >
        <img
          alt="Red Dead Redemption 2"
          src="https://images.unsplash.com/photo-1583337426008-2fef51aa841d?auto=format&fit=crop&q=80&w=1288&ixlib=rb-4.0.3&ixid=M3wxMjA3fDB8MHxwaG90by1wYWdlfHx8fGVufDB8fHx8fA%3D%3D"
        />
      </div>
      <div
        class="c4"
      >
        <h3
          class="c5"
        >
          Red Dead Redemption 2
        </h3>
        <p
          class="c6"
        >
          R$ 215,00
        </p>
      </div>
    </div>
  </div>
  <div
    class="c1"
  >
    <div
      class="c2"
    >
      <div
        class="c3"
      >
        <img
          alt="Resident Evil 2"
          src="https://images.unsplash.com/photo-1583337426008-2fef51aa841d?auto=format&fit=crop&q=80&w=1288&ixlib=rb-4.0.3&ixid=M3wxMjA3fDB8MHxwaG90by1wYWdlfHx8fGVufDB8fHx8fA%3D%3D"
        />
      </div>
      <div
        class="c4"
      >
        <h3
          class="c5"
        >
          Resident Evil 2
        </h3>
        <p
          class="c6"
        >
          R$ 215,00
        </p>
      </div>
    </div>
  </div>
  <div
    class="c7"
  >
    <span>
      Total: 
    </span>
    <p
      class="c8"
    >
      R$ 330,00
    </p>
  </div>
</main>
`;
